[1/7] Type-B normalized-P obstruction
RL59 Type-B normalized-P obstruction: PASS
P_exit = 480
uniform upper cap < 109838392116853446081848097/755578637259143234191360
uniform upper cap decimal = 145.36990155689358
gap P_exit-cap = 334.6300984431064
identity exponent check: (ELL-56)+(Q-24)=A-80 -> True
Conclusion: no safe-CF terminal suffix can embed the four-pump Type-B exit, for any admissible z.
[2/7] defect-compatible four-pump entry witness
RL59 defect-compatible four-pump entry witness: PASS
x_path= 1101110101110111100100110110110110110110110110110100101111111001110101010
target=(i,p,d,J,zeros)= (73, 47, 1, 3, 26)
defect= 22521943623158297371116 / 26588814358957503287787 = 0.8470458035136449
max_xzero_weight= 0.5400912106702702
four_pump_aligned_mass= 1.5348775613820949 > 1.25
typeB_exit=(i,p,d,J,Q)= (84, 53, 2, 15, 18)
exit_g= 0.9979140462573112
exit_D_raw= 1.3460028266423005
[3/7] final-tail rational forcing
RL59 final synchronized-tail forcing verifier: PASS
M00_final > 45/8 = 5.625
S11_final  > 503316463/83886080 = 5.999999797344207 > 17/3
forced final-tail events: #00 >=10, #11 >=16, total columns >=26
forced maximal aligned 00-runs: >=5
[4/7] strengthened tail/bootstrap arithmetic
RL59 strengthened terminal-tail/bootstrap arithmetic: PASS
M_final > 23/4 = 5.75
K>=25 boundary: n_min= 11184810 J_min= 22369621 forced_00>= 9457745 odd z>= 9457747
K>=27 boundary: n_min= 13256071 J_min= 26512143 forced_00>= 11209179 [finite boundary reproduced; independent audit still recommended]
K>=29 boundary: n_min= 125687199 J_min= 251374399 forced_00>= 106279618 [finite boundary reproduced; independent audit still recommended]
[5/7] compile exact terminal-ancestor searches
[6/7] K>=25 boundary
B=11184809 first_start_hit=0 hit_state=0 K=0 max_peak_seen=30171305459816 max_path=246
CERT: every n<=B avoids any terminal-alternative state with odd K>=25 before entering an already-certified no-hit trajectory.
B=11184810 first_start_hit=11184810 hit_state=11184810 K=25 max_peak_seen=30171305459816 max_path=246
[7/7] K>=27 and K>=29 boundaries
B=13256070 KMIN=27 first_start_hit=0 hit_state=0 K=0 max_peak=30171305459816 max_path=246
B=13256071 KMIN=27 first_start_hit=13256071 hit_state=44739242 K=27 max_peak=30171305459816 max_path=246
B=125687198 KMIN=29 first_start_hit=0 hit_state=0 K=0 max_peak=1638950788059290 max_path=376
B=125687199 KMIN=29 first_start_hit=125687199 hit_state=536870911 K=29 max_peak=1638950788059290 max_path=376
RL59 -> RL60 targeted verifier suite: PASS
