H 0 count 9 processed 9 maxd 2 maxabs 39 margin -999
H 1 count 10 processed 10 maxd 3 maxabs 57 margin -3
H 2 count 9 processed 9 maxd 2 maxabs 84 margin -2
H 3 count 32 processed 32 maxd 4 maxabs 115 margin 0
H 4 count 26 processed 26 maxd 3 maxabs 79 margin -1
H 5 count 49 processed 49 maxd 4 maxabs 169 margin -2
H 6 count 90 processed 90 maxd 4 maxabs 606 margin -3
H 7 count 105 processed 105 maxd 4 maxabs 898 margin -4
H 8 count 172 processed 172 maxd 5 maxabs 1006 margin -5
H 9 count 270 processed 270 maxd 5 maxabs 1311 margin -4
H 10 count 549 processed 549 maxd 5 maxabs 74721 margin -5
H 11 count 859 processed 859 maxd 5 maxabs 112080 margin -6
H 12 count 1768 processed 1768 maxd 6 maxabs 168109 margin -6
H 13 count 3578 processed 3578 maxd 6 maxabs 1007112 margin -6
H 14 count 6906 processed 6906 maxd 6 maxabs 1860042 margin -6
H 15 count 13642 processed 13642 maxd 6 maxabs 9943194 margin -6
H 16 count 26624 processed 26624 maxd 6 maxabs 206579685 margin -5
H 17 count 53758 processed 53758 maxd 7 maxabs 309869526 margin -6
H 18 count 109744 processed 109744 maxd 7 maxabs 1164705438 margin -5
H 19 count 222460 processed 222460 maxd 7 maxabs 23907066204 margin -6
H 20 count 458460 processed 458460 maxd 7 maxabs 465803511960 margin -7
H 21 count 950914 processed 950914 maxd 7 maxabs 1134460150590 margin -8
H 22 count 1987355 processed 1987355 maxd 7 maxabs 2976296279268 margin -7
H 23 count 4152245 processed 4152245 maxd 8 maxabs 64982452994544 margin -6
H 24 count 8664154 processed 8664154 maxd 8 maxabs 110392611511170 margin -3
