0 9 2 39 -999
1 10 3 57 -3
2 9 2 84 -2
3 32 4 115 0
4 26 3 79 -1
5 49 4 169 -2
6 90 4 606 -3
7 105 4 898 -4
8 172 5 1006 -5
9 270 5 1311 -4
10 549 5 74721 -5
11 859 5 112080 -6
12 1768 6 168109 -6
13 3578 6 1007112 -6
14 6906 6 1860042 -6
15 13642 6 9943194 -6
16 26624 6 206579685 -5
17 53758 7 309869526 -6
18 109744 7 1164705438 -5
19 222460 7 23907066204 -6
20 458460 7 465803511960 -7
21 950914 7 1134460150590 -8
22 1987355 7 2976296279268 -7
23 4152245 8 64982452994544 -6
24 8664154 8 110392611511170 -3
