FACTOR 0 COUNT 104265 MAX_ESCAPE 196 ARGMAX 69238688206526023929527 RESIDUE 32944020329412227 MOD 150094635296999121
FACTOR 1 COUNT 106250 MAX_ESCAPE 162 ARGMAX 65049626317856597177087 RESIDUE 112326490148126897 MOD 150094635296999121
FACTOR 2 COUNT 108207 MAX_ESCAPE 229 ARGMAX 63442609230978977492819 RESIDUE 8405102201032055 MOD 150094635296999121
FACTOR 3 COUNT 111752 MAX_ESCAPE 213 ARGMAX 51570649496517055647545 RESIDUE 84038727018660518 MOD 150094635296999121
FACTOR 4 COUNT 113636 MAX_ESCAPE 169 ARGMAX 41844661664846243050343 RESIDUE 78479666452104995 MOD 150094635296999121
FACTOR 5 COUNT 115494 MAX_ESCAPE 164 ARGMAX 67305218023593666968231 RESIDUE 81852983915127653 MOD 150094635296999121
FACTOR 6 COUNT 120647 MAX_ESCAPE 141 ARGMAX 75255044552960834094527 RESIDUE 146023845523810184 MOD 150094635296999121
FACTOR 7 COUNT 122411 MAX_ESCAPE 199 ARGMAX 74503107637954863578219 RESIDUE 33137042221890965 MOD 150094635296999121
FACTOR 8 COUNT 124151 MAX_ESCAPE 162 ARGMAX 74225206770634753787513 RESIDUE 107534292154472351 MOD 150094635296999121
FACTOR 9 COUNT 127302 MAX_ESCAPE 147 ARGMAX 67542060206199099707309 RESIDUE 74701090683253793 MOD 150094635296999121
FACTOR 10 COUNT 128977 MAX_ESCAPE 165 ARGMAX 54946813912319149197311 RESIDUE 19728158413982510 MOD 150094635296999121
FACTOR 11 COUNT 130628 MAX_ESCAPE 179 ARGMAX 45504863719740336067967 RESIDUE 72758207924557913 MOD 150094635296999121
FACTOR 12 COUNT 135208 MAX_ESCAPE 182 ARGMAX 51109587859949754963131 RESIDUE 113121792099275816 MOD 150094635296999121
FACTOR 13 COUNT 136777 MAX_ESCAPE 154 ARGMAX 54511832709036973776431 RESIDUE 12777966942014288 MOD 150094635296999121
FACTOR 14 COUNT 138323 MAX_ESCAPE 192 ARGMAX 54764791623219546589979 RESIDUE 62231674071308951 MOD 150094635296999121
FACTOR 15 COUNT 141124 MAX_ESCAPE 154 ARGMAX 54319948647858065445115 RESIDUE 99755332895558731 MOD 150094635296999121
FACTOR 16 COUNT 142613 MAX_ESCAPE 173 ARGMAX 52815084323905067794411 RESIDUE 84244867611095173 MOD 150094635296999121
FACTOR 17 COUNT 144080 MAX_ESCAPE 159 ARGMAX 62627518212723073508215 RESIDUE 81351144299273602 MOD 150094635296999121
FACTOR 18 COUNT 146740 MAX_ESCAPE 212 ARGMAX 38677987122387791735659 RESIDUE 100552704088245169 MOD 150094635296999121
FACTOR 19 COUNT 148153 MAX_ESCAPE 189 ARGMAX 45322109602808154158983 RESIDUE 133907067487578307 MOD 150094635296999121
FACTOR 20 COUNT 149546 MAX_ESCAPE 169 ARGMAX 71867624189470570467355 RESIDUE 61389737936345740 MOD 150094635296999121
FACTOR 21 COUNT 153411 MAX_ESCAPE 197 ARGMAX 46159125471017349286351 RESIDUE 71994225318607858 MOD 150094635296999121
FACTOR 22 COUNT 154734 MAX_ESCAPE 168 ARGMAX 70338423508108473495091 RESIDUE 24852781666418224 MOD 150094635296999121
FACTOR 23 COUNT 156038 MAX_ESCAPE 161 ARGMAX 55668905077976065340635 RESIDUE 5603401467354703 MOD 150094635296999121
FACTOR 24 COUNT 158402 MAX_ESCAPE 214 ARGMAX 34380432997678037098363 RESIDUE 56025818012440345 MOD 150094635296999121
FACTOR 25 COUNT 159658 MAX_ESCAPE 150 ARGMAX 66058802638881105876457 RESIDUE 52319777634736663 MOD 150094635296999121
FACTOR 26 COUNT 160896 MAX_ESCAPE 153 ARGMAX 48355442843748962234521 RESIDUE 54568655943418435 MOD 150094635296999121
FACTOR 27 COUNT 164332 MAX_ESCAPE 180 ARGMAX 39472985170537158041509 RESIDUE 47317685250207082 MOD 150094635296999121
FACTOR 28 COUNT 165508 MAX_ESCAPE 181 ARGMAX 60454338791565203221711 RESIDUE 122154451679260057 MOD 150094635296999121
FACTOR 29 COUNT 166667 MAX_ESCAPE 163 ARGMAX 49483471180423169191675 RESIDUE 121721073201981274 MOD 150094635296999121
FACTOR 30 COUNT 168769 MAX_ESCAPE 153 ARGMAX 61593884972105661456895 RESIDUE 149863817320168609 MOD 150094635296999121
FACTOR 31 COUNT 169885 MAX_ESCAPE 157 ARGMAX 40745803543821168701887 RESIDUE 63183650708321380 MOD 150094635296999121
FACTOR 32 COUNT 170985 MAX_ESCAPE 177 ARGMAX 62960745488955160988215 RESIDUE 98537017048704982 MOD 150094635296999121
FACTOR 33 COUNT 172980 MAX_ESCAPE 183 ARGMAX 34073058573299836642087 RESIDUE 75414528066183877 MOD 150094635296999121
FACTOR 34 COUNT 174040 MAX_ESCAPE 172 ARGMAX 41861569261951319030191 RESIDUE 25382982967184170 MOD 150094635296999121
FACTOR 35 COUNT 175084 MAX_ESCAPE 183 ARGMAX 53737190036946847308187 RESIDUE 8518644628009525 MOD 150094635296999121
FACTOR 36 COUNT 176115 MAX_ESCAPE 193 ARGMAX 36509861082146364393319 RESIDUE 91519327813205674 MOD 150094635296999121
