FACTOR 0 COUNT 312796 MAX_ESCAPE 208 ARGMAX 74719343782850847833135 RESIDUE 32944020329412227 MOD 50031545098999707
FACTOR 1 COUNT 318750 MAX_ESCAPE 192 ARGMAX 47746916886998934507035 RESIDUE 12263399950127483 MOD 50031545098999707
FACTOR 2 COUNT 324623 MAX_ESCAPE 229 ARGMAX 63442609230978977492819 RESIDUE 8405102201032055 MOD 50031545098999707
FACTOR 3 COUNT 335257 MAX_ESCAPE 213 ARGMAX 51570649496517055647545 RESIDUE 34007181919660811 MOD 50031545098999707
FACTOR 4 COUNT 340909 MAX_ESCAPE 202 ARGMAX 51452419396387552784381 RESIDUE 28448121353105288 MOD 50031545098999707
FACTOR 5 COUNT 346483 MAX_ESCAPE 197 ARGMAX 67231171336847147401871 RESIDUE 31821438816127946 MOD 50031545098999707
FACTOR 6 COUNT 361942 MAX_ESCAPE 198 ARGMAX 61545500628023132381801 RESIDUE 45960755325810770 MOD 50031545098999707
FACTOR 7 COUNT 367233 MAX_ESCAPE 199 ARGMAX 74503107637954863578219 RESIDUE 33137042221890965 MOD 50031545098999707
FACTOR 8 COUNT 372454 MAX_ESCAPE 182 ARGMAX 72261468625499015287763 RESIDUE 7471201956472937 MOD 50031545098999707
FACTOR 9 COUNT 381907 MAX_ESCAPE 215 ARGMAX 45840577330237382797817 RESIDUE 24669545584254086 MOD 50031545098999707
FACTOR 10 COUNT 386930 MAX_ESCAPE 234 ARGMAX 69267243002915637332507 RESIDUE 19728158413982510 MOD 50031545098999707
FACTOR 11 COUNT 391885 MAX_ESCAPE 229 ARGMAX 59244726761008031603135 RESIDUE 22726662825558206 MOD 50031545098999707
FACTOR 12 COUNT 405626 MAX_ESCAPE 192 ARGMAX 67039031440930073675447 RESIDUE 13058701901276402 MOD 50031545098999707
FACTOR 13 COUNT 410330 MAX_ESCAPE 193 ARGMAX 74978336925774981918335 RESIDUE 12777966942014288 MOD 50031545098999707
FACTOR 14 COUNT 414970 MAX_ESCAPE 194 ARGMAX 41070057035631148790525 RESIDUE 12200128972309244 MOD 50031545098999707
FACTOR 15 COUNT 423373 MAX_ESCAPE 170 ARGMAX 70397885854692215287807 RESIDUE 49723787796559024 MOD 50031545098999707
FACTOR 16 COUNT 427838 MAX_ESCAPE 183 ARGMAX 73788508155586140967639 RESIDUE 34213322512095466 MOD 50031545098999707
FACTOR 17 COUNT 432242 MAX_ESCAPE 216 ARGMAX 51140875836533928777499 RESIDUE 31319599200273895 MOD 50031545098999707
FACTOR 18 COUNT 440219 MAX_ESCAPE 212 ARGMAX 38677987122387791735659 RESIDUE 489613890245755 MOD 50031545098999707
FACTOR 19 COUNT 444457 MAX_ESCAPE 202 ARGMAX 47399819607679413991279 RESIDUE 33843977289578893 MOD 50031545098999707
FACTOR 20 COUNT 448638 MAX_ESCAPE 220 ARGMAX 62696041468102340178943 RESIDUE 11358192837346033 MOD 50031545098999707
FACTOR 21 COUNT 460232 MAX_ESCAPE 197 ARGMAX 46159125471017349286351 RESIDUE 21962680219608151 MOD 50031545098999707
FACTOR 22 COUNT 464201 MAX_ESCAPE 214 ARGMAX 54315020685432233333029 RESIDUE 24852781666418224 MOD 50031545098999707
FACTOR 23 COUNT 468116 MAX_ESCAPE 230 ARGMAX 42295072820652651661879 RESIDUE 5603401467354703 MOD 50031545098999707
FACTOR 24 COUNT 475206 MAX_ESCAPE 214 ARGMAX 34380432997678037098363 RESIDUE 5994272913440638 MOD 50031545098999707
FACTOR 25 COUNT 478973 MAX_ESCAPE 191 ARGMAX 42546377956515995572393 RESIDUE 2288232535736956 MOD 50031545098999707
FACTOR 26 COUNT 482689 MAX_ESCAPE 171 ARGMAX 63882332612862729304315 RESIDUE 4537110844418728 MOD 50031545098999707
FACTOR 27 COUNT 492996 MAX_ESCAPE 180 ARGMAX 39472985170537158041509 RESIDUE 47317685250207082 MOD 50031545098999707
FACTOR 28 COUNT 496524 MAX_ESCAPE 200 ARGMAX 49668738425303242385479 RESIDUE 22091361481260643 MOD 50031545098999707
FACTOR 29 COUNT 500003 MAX_ESCAPE 220 ARGMAX 68092003938364724214427 RESIDUE 21657983003981860 MOD 50031545098999707
FACTOR 30 COUNT 506305 MAX_ESCAPE 161 ARGMAX 75325642903067319039529 RESIDUE 49800727122169195 MOD 50031545098999707
FACTOR 31 COUNT 509655 MAX_ESCAPE 167 ARGMAX 41937655011169539722041 RESIDUE 13152105609321673 MOD 50031545098999707
FACTOR 32 COUNT 512957 MAX_ESCAPE 190 ARGMAX 48561166494012055316545 RESIDUE 48505471949705275 MOD 50031545098999707
FACTOR 33 COUNT 522118 MAX_ESCAPE 194 ARGMAX 60806914381499340080467 RESIDUE 25382982967184170 MOD 50031545098999707
FACTOR 34 COUNT 525254 MAX_ESCAPE 199 ARGMAX 73416798112367788058395 RESIDUE 8518644628009525 MOD 50031545098999707
FACTOR 35 COUNT 528347 MAX_ESCAPE 193 ARGMAX 36509861082146364393319 RESIDUE 41487782714205967 MOD 50031545098999707
